// Jest Snapshot v1, https://goo.gl/fbAQLP

exports[`<Empty /> should render with link 1`] = `
.c4 {
  display: -webkit-inline-box;
  display: -webkit-inline-flex;
  display: -ms-inline-flexbox;
  display: inline-flex;
  -webkit-align-items: center;
  -webkit-box-align: center;
  -ms-flex-align: center;
  align-items: center;
  -webkit-box-pack: center;
  -webkit-justify-content: center;
  -ms-flex-pack: center;
  justify-content: center;
  background: linear-gradient(180deg,#f01320 0%,#ff626b 50%);
  color: #EADEDA;
  cursor: pointer;
  border: 0;
  border-radius: 0.4rem;
  padding: 0.8rem;
  -webkit-text-decoration: none;
  text-decoration: none;
  height: 4rem;
  font-size: 1.4rem;
  padding: 0.8rem 3.2rem;
}

.c4:hover {
  background: linear-gradient(180deg,#D2121E 0%,#E27B81 50%);
}

.c0 {
  display: -webkit-box;
  display: -webkit-flex;
  display: -ms-flexbox;
  display: flex;
  -webkit-flex-direction: column;
  -ms-flex-direction: column;
  flex-direction: column;
  -webkit-align-items: center;
  -webkit-box-align: center;
  -ms-flex-align: center;
  align-items: center;
  text-align: center;
}

.c1 {
  max-width: 100%;
}

.c2 {
  color: #EF2D56;
  font-size: 2.8rem;
}

.c3 {
  color: #EADEDA;
  font-size: 1.8rem;
  font-weight: 300;
  margin-bottom: 3.2rem;
}

<body>
  <div>
    <main
      class="c0"
    >
      <img
        alt="A user who did not find what he was looking for."
        class="c1"
        role="image"
        src="/img/empty.svg"
      />
      <h2
        class="c2"
      >
        LKJfklsdjfklsdfkjsdfklsdj askldfjskldfj
      </h2>
      <p
        class="c3"
      >
        Aaklsdjf alskdjflksdf sdlkf
      </p>
      <a
        class="c4"
        href="/"
      >
        <span>
          Go back to docs.
        </span>
      </a>
    </main>
  </div>
</body>
`
